
Map of Debug\kursovaya_rabota.sm8 from link file Debug\kursovaya_rabota.lkf - Mon Jun 19 17:42:57 2023


                               --------
                               Segments
                               --------

start 00008080 end 000080a0 length    32 segment .const
start 0000833e end 000099df length  5793 segment .text
start 00004000 end 00004000 length     0 segment .eeprom
start 00000000 end 00000000 length     0 segment .bsct
start 00000000 end 0000000a length    10 segment .ubsct
start 0000000a end 0000000a length     0 segment .bit
start 0000000a end 0000000a length     0 segment .share
start 00000100 end 00000396 length   662 segment .data, initialized
start 000080a8 end 0000833e length   662 segment .data, from
start 00000396 end 00000402 length   108 segment .bss
start 00000000 end 0000056f length  1391 segment .info.
start 00000000 end 00002e86 length 11910 segment .debug
start 00008000 end 00008080 length   128 segment .const
start 000080a0 end 000080a8 length     8 segment .init


                               -------
                               Modules
                               -------

C:\Program Files (x86)\COSMIC\FSE_Compilers\CXSTM8\lib\crtsi0.sm8:
start 0000833e end 0000838e length    80 section .text
start 00000396 end 00000396 length     0 section .bss
start 00000000 end 00000000 length     0 section .ubsct
start 00000000 end 00000034 length    52 section .info.

Debug\main.o:
start 0000838e end 00009722 length  5012 section .text
start 00000100 end 00000396 length   662 section .data
start 00000396 end 00000402 length   108 section .bss
start 00000000 end 00002d1b length 11547 section .debug
start 00000034 end 000000a1 length   109 section .info.
start 00008080 end 000080a0 length    32 section .const

(C:\Program Files (x86)\COSMIC\FSE_Compilers\CXSTM8\lib\libm0.sm8)bmulx.o:
start 00009722 end 00009730 length    14 section .text
start 000000a1 end 000000d1 length    48 section .info.

(C:\Program Files (x86)\COSMIC\FSE_Compilers\CXSTM8\lib\libm0.sm8)imul.o:
start 00009730 end 00009754 length    36 section .text
start 000000d1 end 00000100 length    47 section .info.

(C:\Program Files (x86)\COSMIC\FSE_Compilers\CXSTM8\lib\libm0.sm8)itolx.o:
start 00009754 end 00009762 length    14 section .text
start 00000100 end 00000130 length    48 section .info.

(C:\Program Files (x86)\COSMIC\FSE_Compilers\CXSTM8\lib\libm0.sm8)ladc.o:
start 00009762 end 00009773 length    17 section .text
start 00000130 end 0000015f length    47 section .info.

(C:\Program Files (x86)\COSMIC\FSE_Compilers\CXSTM8\lib\libm0.sm8)lcmp.o:
start 00009773 end 00009793 length    32 section .text
start 0000015f end 0000018e length    47 section .info.

(C:\Program Files (x86)\COSMIC\FSE_Compilers\CXSTM8\lib\libm0.sm8)lsdiv.o:
start 00009793 end 000097b2 length    31 section .text
start 0000018e end 000001be length    48 section .info.

(C:\Program Files (x86)\COSMIC\FSE_Compilers\CXSTM8\lib\libm0.sm8)ldiv.o:
start 000097b2 end 0000989d length   235 section .text
start 000001be end 000001ed length    47 section .info.

(C:\Program Files (x86)\COSMIC\FSE_Compilers\CXSTM8\lib\libm0.sm8)lgadc.o:
start 0000989d end 000098ad length    16 section .text
start 000001ed end 0000021d length    48 section .info.

(C:\Program Files (x86)\COSMIC\FSE_Compilers\CXSTM8\lib\libm0.sm8)lgadd.o:
start 000098ad end 000098c4 length    23 section .text
start 0000021d end 0000024d length    48 section .info.

(C:\Program Files (x86)\COSMIC\FSE_Compilers\CXSTM8\lib\libm0.sm8)lgneg.o:
start 000098c4 end 000098d7 length    19 section .text
start 0000024d end 0000027d length    48 section .info.

(C:\Program Files (x86)\COSMIC\FSE_Compilers\CXSTM8\lib\libm0.sm8)lsmod.o:
start 000098d7 end 000098f9 length    34 section .text
start 0000027d end 000002ad length    48 section .info.

(C:\Program Files (x86)\COSMIC\FSE_Compilers\CXSTM8\lib\libm0.sm8)lneg.o:
start 000098f9 end 0000990e length    21 section .text
start 000002ad end 000002dc length    47 section .info.

(C:\Program Files (x86)\COSMIC\FSE_Compilers\CXSTM8\lib\libm0.sm8)lreg.o:
start 00000000 end 00000004 length     4 section .ubsct
start 000002dc end 0000030b length    47 section .info.

(C:\Program Files (x86)\COSMIC\FSE_Compilers\CXSTM8\lib\libm0.sm8)lsbc.o:
start 0000990e end 00009925 length    23 section .text
start 0000030b end 0000033a length    47 section .info.

(C:\Program Files (x86)\COSMIC\FSE_Compilers\CXSTM8\lib\libm0.sm8)lsub.o:
start 00009925 end 0000993d length    24 section .text
start 0000033a end 00000369 length    47 section .info.

(C:\Program Files (x86)\COSMIC\FSE_Compilers\CXSTM8\lib\libm0.sm8)ltor.o:
start 0000993d end 0000994f length    18 section .text
start 00000369 end 00000398 length    47 section .info.

(C:\Program Files (x86)\COSMIC\FSE_Compilers\CXSTM8\lib\libm0.sm8)lzmp.o:
start 0000994f end 00009962 length    19 section .text
start 00000398 end 000003c7 length    47 section .info.

(C:\Program Files (x86)\COSMIC\FSE_Compilers\CXSTM8\lib\libm0.sm8)rtol.o:
start 00009962 end 00009974 length    18 section .text
start 000003c7 end 000003f6 length    47 section .info.

(C:\Program Files (x86)\COSMIC\FSE_Compilers\CXSTM8\lib\libm0.sm8)sdivx.o:
start 00009974 end 0000999f length    43 section .text
start 000003f6 end 00000426 length    48 section .info.

(C:\Program Files (x86)\COSMIC\FSE_Compilers\CXSTM8\lib\libm0.sm8)smul.o:
start 0000999f end 000099de length    63 section .text
start 00000426 end 00000455 length    47 section .info.

(C:\Program Files (x86)\COSMIC\FSE_Compilers\CXSTM8\lib\libm0.sm8)xreg.o:
start 00000004 end 00000007 length     3 section .ubsct
start 00000455 end 00000484 length    47 section .info.

(C:\Program Files (x86)\COSMIC\FSE_Compilers\CXSTM8\lib\libm0.sm8)yreg.o:
start 00000007 end 0000000a length     3 section .ubsct
start 00000484 end 000004b3 length    47 section .info.

Debug\stm8_interrupt_vector.o:
start 000099de end 000099df length     1 section .text
start 00002d1b end 00002e86 length   363 section .debug
start 000004b3 end 00000531 length   126 section .info.
start 00008000 end 00008080 length   128 section .const


                             -----------
                             Stack usage
                             -----------

Debug\main.o:
_chose_form                20   (4)
_clean                      8   (2)
_clean_cursor              16   (4)
_clean_symb                10   (4)
_coord                     12   (6)
_crystal_select             4   (4)
_dac_write_raw              8   (4)
_delay                      4   (4)
_delay_us                   8   (6)
_main                  >   34   (10)
_print_ampl                16   (4)
_print_freq                24   (10)
_print_start_stop          16   (4)
_print_tminus              24   (10)
_print_tplus               24   (10)
_set_cursor                16   (4)
_spi_write                  4   (4)
_start                      8   (2)
_strob                      6   (2)
_title_ampl                14   (2)
_title_form                14   (2)
_title_freq                14   (2)
_title_not_avelible        16   (4)
_title_tminus              14   (2)
_title_tplus               14   (2)
_write_numb                12   (6)
_write_symb                12   (6)
f_EXTI_PortE           >   18   (16)

Debug\stm8_interrupt_vector.o:
f_NonHandledInterrupt  >    6   (6)

Stack size: 52


                              ---------
                              Call tree
                              ---------
   1 > __stext: (0)

   2 > _main: (10)
   3      + _chose_form: (4)
   4      |    + _clean_symb: (4)
   5      |    |    + _strob: (2)
   6      |    |    |    + _delay: (4)
          |    |    | 
          |    | 
   7      |    + _coord: (6)
   8      |    |    + _strob --> 5
          |    | 
   9      |    + _crystal_select: (4)
  10      |    + _title_not_avelible: (4)
  11      |    |    + _clean_symb --> 4
  12      |    |    + _coord --> 7
  13      |    |    + _crystal_select --> 9
  14      |    |    + _write_symb: (6)
  15      |    |    |    + _strob --> 5
          |    |    | 
          |    | 
  16      |    + _write_symb --> 14
          | 
  17      + _clean: (2)
  18      |    + _strob --> 5
          | 
  19      + _clean_cursor: (4)
  20      |    + _clean_symb --> 4
  21      |    + _coord --> 7
  22      |    + _crystal_select --> 9
          | 
  23      + _coord --> 7
  24      + _crystal_select --> 9
  25      + _dac_write_raw: (4)
  26      |    + _spi_write: (4)
          | 
  27      + _delay_us: (6)
  28      + _print_ampl: (4)
  29      |    + _clean_symb --> 4
  30      |    + _coord --> 7
  31      |    + _crystal_select --> 9
  32      |    + _write_numb: (6)
  33      |    |    + _strob --> 5
          |    | 
  34      |    + _write_symb --> 14
          | 
  35      + _print_freq: (10)
  36      |    + _clean_symb --> 4
  37      |    + _coord --> 7
  38      |    + _crystal_select --> 9
  39      |    + _write_numb --> 32
  40      |    + _write_symb --> 14
          | 
  41      + _print_start_stop: (4)
  42      |    + _coord --> 7
  43      |    + _crystal_select --> 9
  44      |    + _write_symb --> 14
          | 
  45      + _print_tminus: (10)
  46      |    + _clean_symb --> 4
  47      |    + _coord --> 7
  48      |    + _crystal_select --> 9
  49      |    + _write_numb --> 32
  50      |    + _write_symb --> 14
          | 
  51      + _print_tplus: (10)
  52      |    + _clean_symb --> 4
  53      |    + _coord --> 7
  54      |    + _crystal_select --> 9
  55      |    + _write_numb --> 32
  56      |    + _write_symb --> 14
          | 
  57      + _set_cursor: (4)
  58      |    + _coord --> 7
  59      |    + _crystal_select --> 9
  60      |    + _write_symb --> 14
          | 
  61      + _start: (2)
  62      |    + _delay --> 6
  63      |    + _strob --> 5
          | 
  64      + _title_ampl: (2)
  65      |    + _coord --> 7
  66      |    + _crystal_select --> 9
  67      |    + _write_symb --> 14
          | 
  68      + _title_form: (2)
  69      |    + _coord --> 7
  70      |    + _crystal_select --> 9
  71      |    + _write_symb --> 14
          | 
  72      + _title_freq: (2)
  73      |    + _coord --> 7
  74      |    + _crystal_select --> 9
  75      |    + _write_symb --> 14
          | 
  76      + _title_tminus: (2)
  77      |    + _coord --> 7
  78      |    + _crystal_select --> 9
  79      |    + _write_symb --> 14
          | 
  80      + _title_tplus: (2)
  81      |    + _coord --> 7
  82      |    + _crystal_select --> 9
  83      |    + _write_symb --> 14
          | 
       
  84 > f_EXTI_PortE: (16)

  85 > f_NonHandledInterrupt: (6)

  86   _chose_form --> 3

  87   _clean --> 17

  88   _clean_cursor --> 19

  89   _clean_symb --> 4

  90   _coord --> 7

  91   _crystal_select --> 9

  92   _dac_write_raw --> 25

  93   _delay --> 6

  94   _delay_us --> 27

  95   _print_ampl --> 28

  96   _print_freq --> 35

  97   _print_start_stop --> 41

  98   _print_tminus --> 45

  99   _print_tplus --> 51

 100   _set_cursor --> 57

 101   _spi_write --> 26

 102   _start --> 61

 103   _strob --> 5

 104   _title_ampl --> 64

 105   _title_form --> 68

 106   _title_freq --> 72

 107   _title_not_avelible --> 10

 108   _title_tminus --> 76

 109   _title_tplus --> 80

 110   _write_numb --> 32

 111   _write_symb --> 14



                               -------
                               Symbols
                               -------

_ADC_CR1                  00005401   defined in Debug\main.o
_ADC_CR2                  00005402   defined in Debug\main.o
_ADC_CR3                  00005403   defined in Debug\main.o
_ADC_CSR                  00005400   defined in Debug\main.o
_ADC_DRH                  00005404   defined in Debug\main.o
_ADC_DRL                  00005405   defined in Debug\main.o
_ADC_TDRH                 00005406   defined in Debug\main.o
_ADC_TDRL                 00005407   defined in Debug\main.o
_AWU_APR                  000050f1   defined in Debug\main.o
_AWU_CSR1                 000050f0   defined in Debug\main.o
_AWU_TBR                  000050f2   defined in Debug\main.o
_BEEP_CSR                 000050f3   defined in Debug\main.o
_CAN_DGR                  00005426   defined in Debug\main.o
_CAN_FPSR                 00005427   defined in Debug\main.o
_CAN_IER                  00005425   defined in Debug\main.o
_CAN_MCR                  00005420   defined in Debug\main.o
_CAN_MSR                  00005421   defined in Debug\main.o
_CAN_P0                   00005428   defined in Debug\main.o
_CAN_P1                   00005429   defined in Debug\main.o
_CAN_P2                   0000542a   defined in Debug\main.o
_CAN_P3                   0000542b   defined in Debug\main.o
_CAN_P4                   0000542c   defined in Debug\main.o
_CAN_P5                   0000542d   defined in Debug\main.o
_CAN_P6                   0000542e   defined in Debug\main.o
_CAN_P7                   0000542f   defined in Debug\main.o
_CAN_P8                   00005430   defined in Debug\main.o
_CAN_P9                   00005431   defined in Debug\main.o
_CAN_PA                   00005432   defined in Debug\main.o
_CAN_PB                   00005433   defined in Debug\main.o
_CAN_PC                   00005434   defined in Debug\main.o
_CAN_PD                   00005435   defined in Debug\main.o
_CAN_PE                   00005436   defined in Debug\main.o
_CAN_PF                   00005437   defined in Debug\main.o
_CAN_RFR                  00005424   defined in Debug\main.o
_CAN_TPR                  00005423   defined in Debug\main.o
_CAN_TSR                  00005422   defined in Debug\main.o
_CFG_GCR                  00007f60   defined in Debug\main.o
_CLK_CANCCR               000050cb   defined in Debug\main.o
_CLK_CCOR                 000050c9   defined in Debug\main.o
_CLK_CKDIVR               000050c6   defined in Debug\main.o
_CLK_CMSR                 000050c3   defined in Debug\main.o
_CLK_CSSR                 000050c8   defined in Debug\main.o
_CLK_ECKCR                000050c1   defined in Debug\main.o
_CLK_HSITRIMR             000050cc   defined in Debug\main.o
_CLK_ICKCR                000050c0   defined in Debug\main.o
_CLK_PCKENR1              000050c7   defined in Debug\main.o
_CLK_PCKENR2              000050ca   defined in Debug\main.o
_CLK_SWCR                 000050c5   defined in Debug\main.o
_CLK_SWIMCCR              000050cd   defined in Debug\main.o
_CLK_SWR                  000050c4   defined in Debug\main.o
_DM_BK1RE                 00007f90   defined in Debug\main.o
_DM_BK1RH                 00007f91   defined in Debug\main.o
_DM_BK1RL                 00007f92   defined in Debug\main.o
_DM_BK2RE                 00007f93   defined in Debug\main.o
_DM_BK2RH                 00007f94   defined in Debug\main.o
_DM_BK2RL                 00007f95   defined in Debug\main.o
_DM_CR1                   00007f96   defined in Debug\main.o
_DM_CR2                   00007f97   defined in Debug\main.o
_DM_CSR1                  00007f98   defined in Debug\main.o
_DM_CSR2                  00007f99   defined in Debug\main.o
_DM_ENFCTR                00007f9a   defined in Debug\main.o
_EXTI_CR1                 000050a0   defined in Debug\main.o
_EXTI_CR2                 000050a1   defined in Debug\main.o
_FLASH_CR1                0000505a   defined in Debug\main.o
_FLASH_CR2                0000505b   defined in Debug\main.o
_FLASH_DUKR               00005064   defined in Debug\main.o
_FLASH_FPR                0000505d   defined in Debug\main.o
_FLASH_IAPSR              0000505f   defined in Debug\main.o
_FLASH_NCR2               0000505c   defined in Debug\main.o
_FLASH_NFPR               0000505e   defined in Debug\main.o
_FLASH_PUKR               00005062   defined in Debug\main.o
_Hsymb_arr                0000016e   defined in Debug\main.o section .data, initialized
_I2C_CCRH                 0000521c   defined in Debug\main.o
_I2C_CCRL                 0000521b   defined in Debug\main.o
_I2C_CR1                  00005210   defined in Debug\main.o
_I2C_CR2                  00005211   defined in Debug\main.o
_I2C_DR                   00005216   defined in Debug\main.o
_I2C_FREQR                00005212   defined in Debug\main.o
_I2C_ITR                  0000521a   defined in Debug\main.o
_I2C_OARH                 00005214   defined in Debug\main.o
_I2C_OARL                 00005213   defined in Debug\main.o
_I2C_PECR                 0000521e   defined in Debug\main.o
_I2C_SR1                  00005217   defined in Debug\main.o
_I2C_SR2                  00005218   defined in Debug\main.o
_I2C_SR3                  00005219   defined in Debug\main.o
_I2C_TRISER               0000521d   defined in Debug\main.o
_ITC_SPR1                 00007f70   defined in Debug\main.o
_ITC_SPR2                 00007f71   defined in Debug\main.o
_ITC_SPR3                 00007f72   defined in Debug\main.o
_ITC_SPR4                 00007f73   defined in Debug\main.o
_ITC_SPR5                 00007f74   defined in Debug\main.o
_ITC_SPR6                 00007f75   defined in Debug\main.o
_ITC_SPR7                 00007f76   defined in Debug\main.o
_ITC_SPR8                 00007f77   defined in Debug\main.o
_IWDG_KR                  000050e0   defined in Debug\main.o
_IWDG_PR                  000050e1   defined in Debug\main.o
_IWDG_RLR                 000050e2   defined in Debug\main.o
_PA_CR1                   00005003   defined in Debug\main.o
_PA_CR2                   00005004   defined in Debug\main.o
_PA_DDR                   00005002   defined in Debug\main.o
_PA_IDR                   00005001   defined in Debug\main.o
_PA_ODR                   00005000   defined in Debug\main.o
_PB_CR1                   00005008   defined in Debug\main.o
_PB_CR2                   00005009   defined in Debug\main.o
_PB_DDR                   00005007   defined in Debug\main.o
_PB_IDR                   00005006   defined in Debug\main.o
_PB_ODR                   00005005   defined in Debug\main.o
_PC_CR1                   0000500d   defined in Debug\main.o
_PC_CR2                   0000500e   defined in Debug\main.o
_PC_DDR                   0000500c   defined in Debug\main.o
_PC_IDR                   0000500b   defined in Debug\main.o
_PC_ODR                   0000500a   defined in Debug\main.o
_PD_CR1                   00005012   defined in Debug\main.o
_PD_CR2                   00005013   defined in Debug\main.o
_PD_DDR                   00005011   defined in Debug\main.o
_PD_IDR                   00005010   defined in Debug\main.o
_PD_ODR                   0000500f   defined in Debug\main.o
_PE_CR1                   00005017   defined in Debug\main.o
_PE_CR2                   00005018   defined in Debug\main.o
_PE_DDR                   00005016   defined in Debug\main.o
_PE_IDR                   00005015   defined in Debug\main.o
_PE_ODR                   00005014   defined in Debug\main.o
_PF_CR1                   0000501c   defined in Debug\main.o
_PF_CR2                   0000501d   defined in Debug\main.o
_PF_DDR                   0000501b   defined in Debug\main.o
_PF_IDR                   0000501a   defined in Debug\main.o
_PF_ODR                   00005019   defined in Debug\main.o
_PG_CR1                   00005021   defined in Debug\main.o
_PG_CR2                   00005022   defined in Debug\main.o
_PG_DDR                   00005020   defined in Debug\main.o
_PG_IDR                   0000501f   defined in Debug\main.o
_PG_ODR                   0000501e   defined in Debug\main.o
_PH_CR1                   00005026   defined in Debug\main.o
_PH_CR2                   00005027   defined in Debug\main.o
_PH_DDR                   00005025   defined in Debug\main.o
_PH_IDR                   00005024   defined in Debug\main.o
_PH_ODR                   00005023   defined in Debug\main.o
_PI_CR1                   0000502b   defined in Debug\main.o
_PI_CR2                   0000502c   defined in Debug\main.o
_PI_DDR                   0000502a   defined in Debug\main.o
_PI_IDR                   00005029   defined in Debug\main.o
_PI_ODR                   00005028   defined in Debug\main.o
_RST_SR                   000050b3   defined in Debug\main.o
_SPI_CR1                  00005200   defined in Debug\main.o
_SPI_CR2                  00005201   defined in Debug\main.o
_SPI_CRCPR                00005205   defined in Debug\main.o
_SPI_DR                   00005204   defined in Debug\main.o
_SPI_ICR                  00005202   defined in Debug\main.o
_SPI_RXCRCR               00005206   defined in Debug\main.o
_SPI_SR                   00005203   defined in Debug\main.o
_SPI_TXCRCR               00005207   defined in Debug\main.o
_SWIM_CSR                 00007f80   defined in Debug\main.o
_TIM1_ARRH                00005262   defined in Debug\main.o
_TIM1_ARRL                00005263   defined in Debug\main.o
_TIM1_BKR                 0000526d   defined in Debug\main.o
_TIM1_CCER1               0000525c   defined in Debug\main.o
_TIM1_CCER2               0000525d   defined in Debug\main.o
_TIM1_CCMR1               00005258   defined in Debug\main.o
_TIM1_CCMR2               00005259   defined in Debug\main.o
_TIM1_CCMR3               0000525a   defined in Debug\main.o
_TIM1_CCMR4               0000525b   defined in Debug\main.o
_TIM1_CCR1H               00005265   defined in Debug\main.o
_TIM1_CCR1L               00005266   defined in Debug\main.o
_TIM1_CCR2H               00005267   defined in Debug\main.o
_TIM1_CCR2L               00005268   defined in Debug\main.o
_TIM1_CCR3H               00005269   defined in Debug\main.o
_TIM1_CCR3L               0000526a   defined in Debug\main.o
_TIM1_CCR4H               0000526b   defined in Debug\main.o
_TIM1_CCR4L               0000526c   defined in Debug\main.o
_TIM1_CNTRH               0000525e   defined in Debug\main.o
_TIM1_CNTRL               0000525f   defined in Debug\main.o
_TIM1_CR1                 00005250   defined in Debug\main.o
_TIM1_CR2                 00005251   defined in Debug\main.o
_TIM1_DTR                 0000526e   defined in Debug\main.o
_TIM1_EGR                 00005257   defined in Debug\main.o
_TIM1_ETR                 00005253   defined in Debug\main.o
_TIM1_IER                 00005254   defined in Debug\main.o
_TIM1_OISR                0000526f   defined in Debug\main.o
_TIM1_PSCRH               00005260   defined in Debug\main.o
_TIM1_PSCRL               00005261   defined in Debug\main.o
_TIM1_RCR                 00005264   defined in Debug\main.o
_TIM1_SMCR                00005252   defined in Debug\main.o
_TIM1_SR1                 00005255   defined in Debug\main.o
_TIM1_SR2                 00005256   defined in Debug\main.o
_TIM2_ARRH                0000530d   defined in Debug\main.o
_TIM2_ARRL                0000530e   defined in Debug\main.o
_TIM2_CCER1               00005308   defined in Debug\main.o
_TIM2_CCER2               00005309   defined in Debug\main.o
_TIM2_CCMR1               00005305   defined in Debug\main.o
_TIM2_CCMR2               00005306   defined in Debug\main.o
_TIM2_CCMR3               00005307   defined in Debug\main.o
_TIM2_CCR1H               0000530f   defined in Debug\main.o
_TIM2_CCR1L               00005310   defined in Debug\main.o
_TIM2_CCR2H               00005311   defined in Debug\main.o
_TIM2_CCR2L               00005312   defined in Debug\main.o
_TIM2_CCR3H               00005313   defined in Debug\main.o
_TIM2_CCR3L               00005314   defined in Debug\main.o
_TIM2_CNTRH               0000530a   defined in Debug\main.o
_TIM2_CNTRL               0000530b   defined in Debug\main.o
_TIM2_CR1                 00005300   defined in Debug\main.o
_TIM2_EGR                 00005304   defined in Debug\main.o
_TIM2_IER                 00005301   defined in Debug\main.o
_TIM2_PSCR                0000530c   defined in Debug\main.o
_TIM2_SR1                 00005302   defined in Debug\main.o
_TIM2_SR2                 00005303   defined in Debug\main.o
_TIM3_ARRH                0000532b   defined in Debug\main.o
_TIM3_ARRL                0000532c   defined in Debug\main.o
_TIM3_CCER1               00005327   defined in Debug\main.o
_TIM3_CCMR1               00005325   defined in Debug\main.o
_TIM3_CCMR2               00005326   defined in Debug\main.o
_TIM3_CCR1H               0000532d   defined in Debug\main.o
_TIM3_CCR1L               0000532e   defined in Debug\main.o
_TIM3_CCR2H               0000532f   defined in Debug\main.o
_TIM3_CCR2L               00005330   defined in Debug\main.o
_TIM3_CNTRH               00005328   defined in Debug\main.o
_TIM3_CNTRL               00005329   defined in Debug\main.o
_TIM3_CR1                 00005320   defined in Debug\main.o
_TIM3_EGR                 00005324   defined in Debug\main.o
_TIM3_IER                 00005321   defined in Debug\main.o
_TIM3_PSCR                0000532a   defined in Debug\main.o
_TIM3_SR1                 00005322   defined in Debug\main.o
_TIM3_SR2                 00005323   defined in Debug\main.o
_TIM4_ARR                 00005346   defined in Debug\main.o
_TIM4_CNTR                00005344   defined in Debug\main.o
_TIM4_CR1                 00005340   defined in Debug\main.o
_TIM4_EGR                 00005343   defined in Debug\main.o
_TIM4_IER                 00005341   defined in Debug\main.o
_TIM4_PSCR                00005345   defined in Debug\main.o
_TIM4_SR                  00005342   defined in Debug\main.o
_UART1_BRR1               00005232   defined in Debug\main.o
_UART1_BRR2               00005233   defined in Debug\main.o
_UART1_CR1                00005234   defined in Debug\main.o
_UART1_CR2                00005235   defined in Debug\main.o
_UART1_CR3                00005236   defined in Debug\main.o
_UART1_CR4                00005237   defined in Debug\main.o
_UART1_CR5                00005238   defined in Debug\main.o
_UART1_DR                 00005231   defined in Debug\main.o
_UART1_GTR                00005239   defined in Debug\main.o
_UART1_PSCR               0000523a   defined in Debug\main.o
_UART1_SR                 00005230   defined in Debug\main.o
_UART3_BRR1               00005242   defined in Debug\main.o
_UART3_BRR2               00005243   defined in Debug\main.o
_UART3_CR1                00005244   defined in Debug\main.o
_UART3_CR2                00005245   defined in Debug\main.o
_UART3_CR3                00005246   defined in Debug\main.o
_UART3_CR4                00005247   defined in Debug\main.o
_UART3_CR6                00005249   defined in Debug\main.o
_UART3_DR                 00005241   defined in Debug\main.o
_UART3_SR                 00005240   defined in Debug\main.o
_WWDG_CR                  000050d1   defined in Debug\main.o
_WWDG_WR                  000050d2   defined in Debug\main.o
__endmem                  000013ff   defined in command file
                                     *** not used ***
__endzp                   0000000a   defined in command file section .ubsct
                                     used in C:\Program Files (x86)\COSMIC\FSE_Compilers\CXSTM8\lib\crtsi0.sm8
__idesc__                 000080a0   defined in linker section .init
                                     used in C:\Program Files (x86)\COSMIC\FSE_Compilers\CXSTM8\lib\crtsi0.sm8
__memory                  00000402   defined in command file section .bss
                                     used in C:\Program Files (x86)\COSMIC\FSE_Compilers\CXSTM8\lib\crtsi0.sm8
__stack                   000017ff   defined in command file
                                     used in C:\Program Files (x86)\COSMIC\FSE_Compilers\CXSTM8\lib\crtsi0.sm8
__startmem                00000402   defined in command file section .bss
                                     *** not used ***
__stext                   0000833e   defined in C:\Program Files (x86)\COSMIC\FSE_Compilers\CXSTM8\lib\crtsi0.sm8 section .text
                                     used in Debug\stm8_interrupt_vector.o
__vectab                  00008000   defined in Debug\stm8_interrupt_vector.o section .const
_amplitude_value_10       000003e4   defined in Debug\main.o section .bss
_chip_select              000003a6   defined in Debug\main.o section .bss
_chose_form               000091b6   defined in Debug\main.o section .text
_clean                    00008f02   defined in Debug\main.o section .text
_clean_cursor             00009059   defined in Debug\main.o section .text
_clean_symb               00009014   defined in Debug\main.o section .text
_coord                    00008f58   defined in Debug\main.o section .text
_counter_64               000003fc   defined in Debug\main.o section .bss
_counter_columns          000003ca   defined in Debug\main.o section .bss
_counter_exponent         000003ba   defined in Debug\main.o section .bss
_counter_pages            000003fa   defined in Debug\main.o section .bss
_counter_raws             000003cc   defined in Debug\main.o section .bss
_crystal_numb             000003f0   defined in Debug\main.o section .bss
_crystal_select           00008fe6   defined in Debug\main.o section .text
_current_exponent_check   000003b4   defined in Debug\main.o section .bss
_current_exponent_value   000003b8   defined in Debug\main.o section .bss
_cursor                   000003ec   defined in Debug\main.o section .bss
_dac_counter              000003a4   defined in Debug\main.o section .bss
_dac_lsb                  000003a0   defined in Debug\main.o section .bss
_dac_msb                  000003a2   defined in Debug\main.o section .bss
_dac_sin_value            00000396   defined in Debug\main.o section .bss
_dac_write_raw            000096c2   defined in Debug\main.o section .text
_delay                    00008eb2   defined in Debug\main.o section .text
_delay_count              000003fe   defined in Debug\main.o section .bss
_delay_number             00000400   defined in Debug\main.o section .bss
_delay_us                 000096f0   defined in Debug\main.o section .text
_exit                     0000838c   defined in C:\Program Files (x86)\COSMIC\FSE_Compilers\CXSTM8\lib\crtsi0.sm8 section .text
_form_status              000003e8   defined in Debug\main.o section .bss
_frequency_value          000003c0   defined in Debug\main.o section .bss
_is_it_this_button        000003c8   defined in Debug\main.o section .bss
_left_right_menue_flag    000003c6   defined in Debug\main.o section .bss
_main                     0000838e   defined in Debug\main.o section .text
                                     used in C:\Program Files (x86)\COSMIC\FSE_Compilers\CXSTM8\lib\crtsi0.sm8
_numb_arr                 00000100   defined in Debug\main.o section .data, initialized
_number_button            000003d0   defined in Debug\main.o section .bss
_pre_amplitude_value_10   000003e2   defined in Debug\main.o section .bss
_pre_cursor               000003ea   defined in Debug\main.o section .bss
_pre_form_status          000003e6   defined in Debug\main.o section .bss
_pre_frequency_value      000003bc   defined in Debug\main.o section .bss
_pre_tminus_value         000003d2   defined in Debug\main.o section .bss
_pre_tplus_value          000003da   defined in Debug\main.o section .bss
_print_ampl               0000942b   defined in Debug\main.o section .text
_print_freq               00009366   defined in Debug\main.o section .text
_print_start_stop         0000963b   defined in Debug\main.o section .text
_print_tminus             00009573   defined in Debug\main.o section .text
_print_tplus              000094ab   defined in Debug\main.o section .text
_print_value              000003a8   defined in Debug\main.o section .bss
_raw_dac_value            0000039e   defined in Debug\main.o section .bss
_raw_number_button        000003ce   defined in Debug\main.o section .bss
_set_cursor               0000906e   defined in Debug\main.o section .text
_sin_arr                  0000031e   defined in Debug\main.o section .data, initialized
_sin_counter              0000039a   defined in Debug\main.o section .bss
_sin_pause                000003aa   defined in Debug\main.o section .bss
_spi_write                00009696   defined in Debug\main.o section .text
_start                    00008eda   defined in Debug\main.o section .text
_start_stop_flag          000003c4   defined in Debug\main.o section .bss
_strob                    00008ecc   defined in Debug\main.o section .text
_symb_type                000003ee   defined in Debug\main.o section .bss
_symbol_number            000003f4   defined in Debug\main.o section .bss
_timer_delay_us           000003b0   defined in Debug\main.o section .bss
_title_ampl               00009134   defined in Debug\main.o section .text
_title_form               000090a6   defined in Debug\main.o section .text
_title_freq               000090ec   defined in Debug\main.o section .text
_title_not_avelible       00009250   defined in Debug\main.o section .text
_title_tminus             00009198   defined in Debug\main.o section .text
_title_tplus              0000917a   defined in Debug\main.o section .text
_tminus_value             000003d6   defined in Debug\main.o section .bss
_tplus_value              000003de   defined in Debug\main.o section .bss
_triang_counter           0000039c   defined in Debug\main.o section .bss
_triang_pause             000003ac   defined in Debug\main.o section .bss
_write_counter            000003f2   defined in Debug\main.o section .bss
_write_numb               00008f76   defined in Debug\main.o section .text
_write_symb               00008fae   defined in Debug\main.o section .text
_x_coord                  000003f8   defined in Debug\main.o section .bss
_y_coord                  000003f6   defined in Debug\main.o section .bss
c_bmulx                   00009722   defined in (C:\Program Files (x86)\COSMIC\FSE_Compilers\CXSTM8\lib\libm0.sm8)bmulx.o section .text
                                     used in Debug\main.o
c_divsl                   000097b2   defined in (C:\Program Files (x86)\COSMIC\FSE_Compilers\CXSTM8\lib\libm0.sm8)ldiv.o section .text
                                     used in (C:\Program Files (x86)\COSMIC\FSE_Compilers\CXSTM8\lib\libm0.sm8)lsdiv.o
                                             (C:\Program Files (x86)\COSMIC\FSE_Compilers\CXSTM8\lib\libm0.sm8)lsmod.o
c_divul                   000097c9   defined in (C:\Program Files (x86)\COSMIC\FSE_Compilers\CXSTM8\lib\libm0.sm8)ldiv.o section .text
c_imul                    00009730   defined in (C:\Program Files (x86)\COSMIC\FSE_Compilers\CXSTM8\lib\libm0.sm8)imul.o section .text
                                     used in Debug\main.o
c_itolx                   00009754   defined in (C:\Program Files (x86)\COSMIC\FSE_Compilers\CXSTM8\lib\libm0.sm8)itolx.o section .text
                                     used in Debug\main.o
c_ladc                    00009762   defined in (C:\Program Files (x86)\COSMIC\FSE_Compilers\CXSTM8\lib\libm0.sm8)ladc.o section .text
                                     used in Debug\main.o
c_lcmp                    00009773   defined in (C:\Program Files (x86)\COSMIC\FSE_Compilers\CXSTM8\lib\libm0.sm8)lcmp.o section .text
                                     used in Debug\main.o
c_ldiv                    00009793   defined in (C:\Program Files (x86)\COSMIC\FSE_Compilers\CXSTM8\lib\libm0.sm8)lsdiv.o section .text
                                     used in Debug\main.o
c_lgadc                   0000989d   defined in (C:\Program Files (x86)\COSMIC\FSE_Compilers\CXSTM8\lib\libm0.sm8)lgadc.o section .text
                                     used in Debug\main.o
c_lgadd                   000098ad   defined in (C:\Program Files (x86)\COSMIC\FSE_Compilers\CXSTM8\lib\libm0.sm8)lgadd.o section .text
                                     used in Debug\main.o
c_lgneg                   000098c4   defined in (C:\Program Files (x86)\COSMIC\FSE_Compilers\CXSTM8\lib\libm0.sm8)lgneg.o section .text
                                     used in (C:\Program Files (x86)\COSMIC\FSE_Compilers\CXSTM8\lib\libm0.sm8)ldiv.o
c_lmod                    000098d7   defined in (C:\Program Files (x86)\COSMIC\FSE_Compilers\CXSTM8\lib\libm0.sm8)lsmod.o section .text
                                     used in Debug\main.o
c_lneg                    000098f9   defined in (C:\Program Files (x86)\COSMIC\FSE_Compilers\CXSTM8\lib\libm0.sm8)lneg.o section .text
                                     used in (C:\Program Files (x86)\COSMIC\FSE_Compilers\CXSTM8\lib\libm0.sm8)lsdiv.o
                                             (C:\Program Files (x86)\COSMIC\FSE_Compilers\CXSTM8\lib\libm0.sm8)ldiv.o
                                             (C:\Program Files (x86)\COSMIC\FSE_Compilers\CXSTM8\lib\libm0.sm8)lsmod.o
c_lreg                    00000000   defined in (C:\Program Files (x86)\COSMIC\FSE_Compilers\CXSTM8\lib\libm0.sm8)lreg.o section .ubsct
                                     used in Debug\main.o
                                             (C:\Program Files (x86)\COSMIC\FSE_Compilers\CXSTM8\lib\libm0.sm8)itolx.o
                                             (C:\Program Files (x86)\COSMIC\FSE_Compilers\CXSTM8\lib\libm0.sm8)ladc.o
                                             (C:\Program Files (x86)\COSMIC\FSE_Compilers\CXSTM8\lib\libm0.sm8)lcmp.o
                                             (C:\Program Files (x86)\COSMIC\FSE_Compilers\CXSTM8\lib\libm0.sm8)ldiv.o
                                             (C:\Program Files (x86)\COSMIC\FSE_Compilers\CXSTM8\lib\libm0.sm8)lgadd.o
                                             (C:\Program Files (x86)\COSMIC\FSE_Compilers\CXSTM8\lib\libm0.sm8)lsmod.o
                                             (C:\Program Files (x86)\COSMIC\FSE_Compilers\CXSTM8\lib\libm0.sm8)lneg.o
                                             (C:\Program Files (x86)\COSMIC\FSE_Compilers\CXSTM8\lib\libm0.sm8)lsbc.o
                                             (C:\Program Files (x86)\COSMIC\FSE_Compilers\CXSTM8\lib\libm0.sm8)lsub.o
                                             (C:\Program Files (x86)\COSMIC\FSE_Compilers\CXSTM8\lib\libm0.sm8)ltor.o
                                             (C:\Program Files (x86)\COSMIC\FSE_Compilers\CXSTM8\lib\libm0.sm8)rtol.o
                                             (C:\Program Files (x86)\COSMIC\FSE_Compilers\CXSTM8\lib\libm0.sm8)smul.o
c_lsbc                    0000990e   defined in (C:\Program Files (x86)\COSMIC\FSE_Compilers\CXSTM8\lib\libm0.sm8)lsbc.o section .text
                                     used in Debug\main.o
c_lsub                    00009925   defined in (C:\Program Files (x86)\COSMIC\FSE_Compilers\CXSTM8\lib\libm0.sm8)lsub.o section .text
                                     used in Debug\main.o
c_ltor                    0000993d   defined in (C:\Program Files (x86)\COSMIC\FSE_Compilers\CXSTM8\lib\libm0.sm8)ltor.o section .text
                                     used in Debug\main.o
c_lzmp                    0000994f   defined in (C:\Program Files (x86)\COSMIC\FSE_Compilers\CXSTM8\lib\libm0.sm8)lzmp.o section .text
                                     used in Debug\main.o
c_rtol                    00009962   defined in (C:\Program Files (x86)\COSMIC\FSE_Compilers\CXSTM8\lib\libm0.sm8)rtol.o section .text
                                     used in Debug\main.o
c_sdivx                   0000997a   defined in (C:\Program Files (x86)\COSMIC\FSE_Compilers\CXSTM8\lib\libm0.sm8)sdivx.o section .text
                                     used in Debug\main.o
c_smodx                   00009974   defined in (C:\Program Files (x86)\COSMIC\FSE_Compilers\CXSTM8\lib\libm0.sm8)sdivx.o section .text
                                     used in Debug\main.o
c_smul                    0000999f   defined in (C:\Program Files (x86)\COSMIC\FSE_Compilers\CXSTM8\lib\libm0.sm8)smul.o section .text
                                     used in Debug\main.o
c_x                       00000004   defined in (C:\Program Files (x86)\COSMIC\FSE_Compilers\CXSTM8\lib\libm0.sm8)xreg.o section .ubsct
                                     used in C:\Program Files (x86)\COSMIC\FSE_Compilers\CXSTM8\lib\crtsi0.sm8
                                             Debug\main.o
                                             (C:\Program Files (x86)\COSMIC\FSE_Compilers\CXSTM8\lib\libm0.sm8)bmulx.o
                                             (C:\Program Files (x86)\COSMIC\FSE_Compilers\CXSTM8\lib\libm0.sm8)imul.o
                                             (C:\Program Files (x86)\COSMIC\FSE_Compilers\CXSTM8\lib\libm0.sm8)lsdiv.o
                                             (C:\Program Files (x86)\COSMIC\FSE_Compilers\CXSTM8\lib\libm0.sm8)ldiv.o
                                             (C:\Program Files (x86)\COSMIC\FSE_Compilers\CXSTM8\lib\libm0.sm8)lsmod.o
                                             (C:\Program Files (x86)\COSMIC\FSE_Compilers\CXSTM8\lib\libm0.sm8)sdivx.o
c_y                       00000007   defined in (C:\Program Files (x86)\COSMIC\FSE_Compilers\CXSTM8\lib\libm0.sm8)yreg.o section .ubsct
                                     used in C:\Program Files (x86)\COSMIC\FSE_Compilers\CXSTM8\lib\crtsi0.sm8
f_EXTI_PortE              00008a37   defined in Debug\main.o section .text
                                     used in Debug\stm8_interrupt_vector.o
f_NonHandledInterrupt     000099de   defined in Debug\stm8_interrupt_vector.o section .text
